[    0.000000] Linux version 4.15.0-180-generic (buildd@lcy02-amd64-097) (gcc version 7.5.0 (Ubuntu 7.5.0-3ubuntu1~18.04)) #189-Ubuntu SMP Wed May 18 14:13:57 UTC 2022 (Ubuntu 4.15.0-180.189-generic 4.15.18)
[    0.000000] Command line: BOOT_IMAGE=/boot/vmlinuz-4.15.0-180-generic root=LABEL=cloudimg-rootfs ro console=tty1 console=ttyS0
[    0.000000] KERNEL supported cpus:
[    0.000000]   Intel GenuineIntel
[    0.000000]   AMD AuthenticAMD
[    0.000000]   Centaur CentaurHauls
[    0.000000] x86/fpu: Supporting XSAVE feature 0x001: 'x87 floating point registers'
[    0.000000] x86/fpu: Supporting XSAVE feature 0x002: 'SSE registers'
[    0.000000] x86/fpu: Supporting XSAVE feature 0x004: 'AVX registers'
[    0.000000] x86/fpu: xstate_offset[2]:  576, xstate_sizes[2]:  256
[    0.000000] x86/fpu: Enabled xstate features 0x7, context size is 832 bytes, using 'standard' format.
[    0.000000] e820: BIOS-provided physical RAM map:
[    0.000000] BIOS-e820: [mem 0x0000000000000000-0x000000000009fbff] usable
[    0.000000] BIOS-e820: [mem 0x000000000009fc00-0x000000000009ffff] reserved
[    0.000000] BIOS-e820: [mem 0x00000000000f0000-0x00000000000fffff] reserved
[    0.000000] BIOS-e820: [mem 0x0000000000100000-0x000000003ffeffff] usable
[    0.000000] BIOS-e820: [mem 0x000000003fff0000-0x000000003fffffff] ACPI data
[    0.000000] BIOS-e820: [mem 0x00000000fec00000-0x00000000fec00fff] reserved
[    0.000000] BIOS-e820: [mem 0x00000000fee00000-0x00000000fee00fff] reserved
[    0.000000] BIOS-e820: [mem 0x00000000fffc0000-0x00000000ffffffff] reserved
[    0.000000] NX (Execute Disable) protection: active
[    0.000000] SMBIOS 2.5 present.
[    0.000000] DMI: innotek GmbH VirtualBox/VirtualBox, BIOS VirtualBox 12/01/2006
[    0.000000] Hypervisor detected: KVM
[    0.000000] e820: last_pfn = 0x3fff0 max_arch_pfn = 0x400000000
[    0.000000] MTRR: Disabled
[    0.000000] x86/PAT: MTRRs disabled, skipping PAT initialization too.
[    0.000000] CPU MTRRs all blank - virtualized system.
[    0.000000] x86/PAT: Configuration [0-7]: WB  WT  UC- UC  WB  WT  UC- UC  
[    0.000000] found SMP MP-table at [mem 0x0009fff0-0x0009ffff]
[    0.000000] Scanning 1 areas for low memory corruption
[    0.000000] RAMDISK: [mem 0x359c5000-0x36cd9fff]
[    0.000000] ACPI: Early table checksum verification disabled
[    0.000000] ACPI: RSDP 0x00000000000E0000 000024 (v02 VBOX  )
[    0.000000] ACPI: XSDT 0x000000003FFF0030 00003C (v01 VBOX   VBOXXSDT 00000001 ASL  00000061)
[    0.000000] ACPI: FACP 0x000000003FFF00F0 0000F4 (v04 VBOX   VBOXFACP 00000001 ASL  00000061)
[    0.000000] ACPI: DSDT 0x000000003FFF0470 002325 (v02 VBOX   VBOXBIOS 00000002 INTL 20200925)
[    0.000000] ACPI: FACS 0x000000003FFF0200 000040
[    0.000000] ACPI: FACS 0x000000003FFF0200 000040
[    0.000000] ACPI: APIC 0x000000003FFF0240 00005C (v02 VBOX   VBOXAPIC 00000001 ASL  00000061)
[    0.000000] ACPI: SSDT 0x000000003FFF02A0 0001CC (v01 VBOX   VBOXCPUT 00000002 INTL 20200925)
[    0.000000] ACPI: Reserving FACP table memory at [mem 0x3fff00f0-0x3fff01e3]
[    0.000000] ACPI: Reserving DSDT table memory at [mem 0x3fff0470-0x3fff2794]
[    0.000000] ACPI: Reserving FACS table memory at [mem 0x3fff0200-0x3fff023f]
[    0.000000] ACPI: Reserving FACS table memory at [mem 0x3fff0200-0x3fff023f]
[    0.000000] ACPI: Reserving APIC table memory at [mem 0x3fff0240-0x3fff029b]
[    0.000000] ACPI: Reserving SSDT table memory at [mem 0x3fff02a0-0x3fff046b]
[    0.000000] No NUMA configuration found
[    0.000000] Faking a node at [mem 0x0000000000000000-0x000000003ffeffff]
[    0.000000] NODE_DATA(0) allocated [mem 0x3ffc5000-0x3ffeffff]
[    0.000000] kvm-clock: cpu 0, msr 0:3ff44001, primary cpu clock
[    0.000000] kvm-clock: Using msrs 4b564d01 and 4b564d00
[    0.000000] kvm-clock: using sched offset of 3286081941 cycles
[    0.000000] clocksource: kvm-clock: mask: 0xffffffffffffffff max_cycles: 0x1cd42e4dffb, max_idle_ns: 881590591483 ns
[    0.000000] Zone ranges:
[    0.000000]   DMA      [mem 0x0000000000001000-0x0000000000ffffff]
[    0.000000]   DMA32    [mem 0x0000000001000000-0x000000003ffeffff]
[    0.000000]   Normal   empty
[    0.000000]   Device   empty
[    0.000000] Movable zone start for each node
[    0.000000] Early memory node ranges
[    0.000000]   node   0: [mem 0x0000000000001000-0x000000000009efff]
[    0.000000]   node   0: [mem 0x0000000000100000-0x000000003ffeffff]
[    0.000000] Reserved but unavailable: 104 pages
[    0.000000] Initmem setup node 0 [mem 0x0000000000001000-0x000000003ffeffff]
[    0.000000] ACPI: PM-Timer IO Port: 0x4008
[    0.000000] IOAPIC[0]: apic_id 2, version 32, address 0xfec00000, GSI 0-23
[    0.000000] ACPI: INT_SRC_OVR (bus 0 bus_irq 0 global_irq 2 dfl dfl)
[    0.000000] ACPI: INT_SRC_OVR (bus 0 bus_irq 9 global_irq 9 low level)
[    0.000000] Using ACPI (MADT) for SMP configuration information
[    0.000000] smpboot: Allowing 2 CPUs, 0 hotplug CPUs
[    0.000000] PM: Registered nosave memory: [mem 0x00000000-0x00000fff]
[    0.000000] PM: Registered nosave memory: [mem 0x0009f000-0x0009ffff]
[    0.000000] PM: Registered nosave memory: [mem 0x000a0000-0x000effff]
[    0.000000] PM: Registered nosave memory: [mem 0x000f0000-0x000fffff]
[    0.000000] e820: [mem 0x40000000-0xfebfffff] available for PCI devices
[    0.000000] Booting paravirtualized kernel on KVM
[    0.000000] clocksource: refined-jiffies: mask: 0xffffffff max_cycles: 0xffffffff, max_idle_ns: 7645519600211568 ns
[    0.000000] random: get_random_bytes called from start_kernel+0x99/0x500 with crng_init=0
[    0.000000] setup_percpu: NR_CPUS:8192 nr_cpumask_bits:2 nr_cpu_ids:2 nr_node_ids:1
[    0.000000] percpu: Embedded 50 pages/cpu s167936 r8192 d28672 u1048576
[    0.000000] PV qspinlock hash table entries: 256 (order: 0, 4096 bytes)
[    0.000000] Built 1 zonelists, mobility grouping on.  Total pages: 257913
[    0.000000] Policy zone: DMA32
[    0.000000] Kernel command line: BOOT_IMAGE=/boot/vmlinuz-4.15.0-180-generic root=LABEL=cloudimg-rootfs ro console=tty1 console=ttyS0
[    0.000000] Memory: 982636K/1048120K available (12300K kernel code, 2484K rwdata, 4324K rodata, 2468K init, 2724K bss, 65484K reserved, 0K cma-reserved)
[    0.000000] SLUB: HWalign=64, Order=0-3, MinObjects=0, CPUs=2, Nodes=1
[    0.000000] Kernel/User page tables isolation: enabled
[    0.000000] ftrace: allocating 39507 entries in 155 pages
[    0.004000] Hierarchical RCU implementation.
[    0.004000] 	RCU restricting CPUs from NR_CPUS=8192 to nr_cpu_ids=2.
[    0.004000] 	Tasks RCU enabled.
[    0.004000] RCU: Adjusting geometry for rcu_fanout_leaf=16, nr_cpu_ids=2
[    0.004000] NR_IRQS: 524544, nr_irqs: 440, preallocated irqs: 16
[    0.004000] Console: colour VGA+ 80x25
[    0.004000] console [tty1] enabled
[    0.004000] console [ttyS0] enabled
[    0.004000] ACPI: Core revision 20170831
[    0.004000] ACPI: 2 ACPI AML tables successfully acquired and loaded
[    0.004000] APIC: Switch to symmetric I/O mode setup
[    0.004000] x2apic enabled
[    0.004000] Switched APIC routing to physical x2apic.
[    0.004000] ..TIMER: vector=0x30 apic1=0 pin1=2 apic2=-1 pin2=-1
[    0.004005] tsc: Detected 1190.400 MHz processor
[    0.004831] Calibrating delay loop (skipped) preset value.. 2380.80 BogoMIPS (lpj=4761600)
[    0.008003] pid_max: default: 32768 minimum: 301
[    0.008804] Security Framework initialized
[    0.009374] Yama: becoming mindful.
[    0.009886] AppArmor: AppArmor initialized
[    0.010731] Dentry cache hash table entries: 131072 (order: 8, 1048576 bytes)
[    0.012068] Inode-cache hash table entries: 65536 (order: 7, 524288 bytes)
[    0.013186] Mount-cache hash table entries: 2048 (order: 2, 16384 bytes)
[    0.014097] Mountpoint-cache hash table entries: 2048 (order: 2, 16384 bytes)
[    0.015331] Last level iTLB entries: 4KB 0, 2MB 0, 4MB 0
[    0.016006] Last level dTLB entries: 4KB 0, 2MB 0, 4MB 0, 1GB 0
[    0.016965] Spectre V1 : Mitigation: usercopy/swapgs barriers and __user pointer sanitization
[    0.018600] Spectre V2 : Mitigation: Retpolines
[    0.019371] Spectre V2 : Spectre v2 / SpectreRSB mitigation: Filling RSB on context switch
[    0.020019] Speculative Store Bypass: Vulnerable
[    0.021284] MDS: Mitigation: Clear CPU buffers
[    0.022151] Freeing SMP alternatives memory: 36K
[    0.134121] APIC calibration not consistent with PM-Timer: 101ms instead of 100ms
[    0.135335] APIC delta adjusted to PM-Timer: 6249489 (6323184)
[    0.136064] smpboot: CPU0: Intel(R) Core(TM) i5-1035G1 CPU @ 1.00GHz (family: 0x6, model: 0x7e, stepping: 0x5)
[    0.137515] Performance Events: unsupported p6 CPU model 126 no PMU driver, software events only.
[    0.138774] Hierarchical SRCU implementation.
[    0.140000] NMI watchdog: Perf event create on CPU 0 failed with -2
[    0.140003] NMI watchdog: Perf NMI watchdog permanently disabled
[    0.140862] smp: Bringing up secondary CPUs ...
[    0.141682] x86: Booting SMP configuration:
[    0.142329] .... node  #0, CPUs:      #1
[    0.004000] kvm-clock: cpu 1, msr 0:3ff44041, secondary cpu clock
[    0.147145] smp: Brought up 1 node, 2 CPUs
[    0.148009] smpboot: Max logical packages: 1
[    0.148766] smpboot: Total of 2 processors activated (4761.60 BogoMIPS)
[    0.150186] devtmpfs: initialized
[    0.150186] x86/mm: Memory block size: 128MB
[    0.152240] evm: security.selinux
[    0.152960] evm: security.SMACK64
[    0.153455] evm: security.SMACK64EXEC
[    0.153985] evm: security.SMACK64TRANSMUTE
[    0.154574] evm: security.SMACK64MMAP
[    0.155121] evm: security.apparmor
[    0.155642] evm: security.ima
[    0.156019] evm: security.capability
[    0.156855] clocksource: jiffies: mask: 0xffffffff max_cycles: 0xffffffff, max_idle_ns: 7645041785100000 ns
[    0.157673] futex hash table entries: 512 (order: 3, 32768 bytes)
[    0.160065] pinctrl core: initialized pinctrl subsystem
[    0.161526] RTC time: 12:48:54, date: 06/03/22
[    0.162331] NET: Registered protocol family 16
[    0.163100] audit: initializing netlink subsys (disabled)
[    0.164013] audit: type=2000 audit(1654260539.294:1): state=initialized audit_enabled=0 res=1
[    0.164154] cpuidle: using governor ladder
[    0.164591] cpuidle: using governor menu
[    0.165350] ACPI: bus type PCI registered
[    0.166251] acpiphp: ACPI Hot Plug PCI Controller Driver version: 0.5
[    0.168198] PCI: Using configuration type 1 for base access
[    0.169065] HugeTLB registered 2.00 MiB page size, pre-allocated 0 pages
[    0.172052] ACPI: Added _OSI(Module Device)
[    0.172865] ACPI: Added _OSI(Processor Device)
[    0.173529] ACPI: Added _OSI(3.0 _SCP Extensions)
[    0.174239] ACPI: Added _OSI(Processor Aggregator Device)
[    0.175087] ACPI: Added _OSI(Linux-Dell-Video)
[    0.175798] ACPI: Added _OSI(Linux-Lenovo-NV-HDMI-Audio)
[    0.176003] ACPI: Added _OSI(Linux-HPI-Hybrid-Graphics)
[    0.177019] ACPI: Executed 1 blocks of module-level executable AML code
[    0.181711] ACPI: Interpreter enabled
[    0.182436] ACPI: (supports S0 S5)
[    0.183038] ACPI: Using IOAPIC for interrupt routing
[    0.184162] PCI: Using host bridge windows from ACPI; if necessary, use "pci=nocrs" and report a bug
[    0.185887] ACPI: Enabled 2 GPEs in block 00 to 07
[    0.192142] ACPI: PCI Root Bridge [PCI0] (domain 0000 [bus 00-ff])
[    0.193111] acpi PNP0A03:00: _OSC: OS supports [ASPM ClockPM Segments MSI]
[    0.194396] acpi PNP0A03:00: _OSC: not requesting OS control; OS requires [ExtendedConfig ASPM ClockPM MSI]
[    0.195695] acpi PNP0A03:00: fail to add MMCONFIG information, can't access extended PCI configuration space under this bridge.
[    0.196347] PCI host bridge to bus 0000:00
[    0.197134] pci_bus 0000:00: root bus resource [io  0x0000-0x0cf7 window]
[    0.198211] pci_bus 0000:00: root bus resource [io  0x0d00-0xffff window]
[    0.200013] pci_bus 0000:00: root bus resource [mem 0x000a0000-0x000bffff window]
[    0.202039] pci_bus 0000:00: root bus resource [mem 0x40000000-0xfdffffff window]
[    0.204010] pci_bus 0000:00: root bus resource [bus 00-ff]
[    0.206318] pci 0000:00:01.1: legacy IDE quirk: reg 0x10: [io  0x01f0-0x01f7]
[    0.208003] pci 0000:00:01.1: legacy IDE quirk: reg 0x14: [io  0x03f6]
[    0.209046] pci 0000:00:01.1: legacy IDE quirk: reg 0x18: [io  0x0170-0x0177]
[    0.210144] pci 0000:00:01.1: legacy IDE quirk: reg 0x1c: [io  0x0376]
[    0.232564] pci 0000:00:07.0: quirk: [io  0x4000-0x403f] claimed by PIIX4 ACPI
[    0.234350] pci 0000:00:07.0: quirk: [io  0x4100-0x410f] claimed by PIIX4 SMB
[    0.244971] ACPI: PCI Interrupt Link [LNKA] (IRQs 5 9 10 *11)
[    0.246171] ACPI: PCI Interrupt Link [LNKB] (IRQs 5 9 *10 11)
[    0.247432] ACPI: PCI Interrupt Link [LNKC] (IRQs 5 *9 10 11)
[    0.248167] ACPI: PCI Interrupt Link [LNKD] (IRQs 5 9 10 *11)
[    0.250687] SCSI subsystem initialized
[    0.252104] pci 0000:00:02.0: vgaarb: setting as boot VGA device
[    0.253395] pci 0000:00:02.0: vgaarb: VGA device added: decodes=io+mem,owns=io+mem,locks=none
[    0.255082] pci 0000:00:02.0: vgaarb: bridge control possible
[    0.256021] vgaarb: loaded
[    0.257446] ACPI: bus type USB registered
[    0.258783] usbcore: registered new interface driver usbfs
[    0.260030] usbcore: registered new interface driver hub
[    0.260917] usbcore: registered new device driver usb
[    0.261809] EDAC MC: Ver: 3.0.0
[    0.264200] PCI: Using ACPI for IRQ routing
[    0.265094] NetLabel: Initializing
[    0.265778] NetLabel:  domain hash size = 128
[    0.266538] NetLabel:  protocols = UNLABELED CIPSOv4 CALIPSO
[    0.268046] NetLabel:  unlabeled traffic allowed by default
[    0.269501] clocksource: Switched to clocksource kvm-clock
[    0.279294] VFS: Disk quotas dquot_6.6.0
[    0.279919] VFS: Dquot-cache hash table entries: 512 (order 0, 4096 bytes)
[    0.281172] AppArmor: AppArmor Filesystem Enabled
[    0.282000] pnp: PnP ACPI init
[    0.283744] pnp: PnP ACPI: found 3 devices
[    0.292301] clocksource: acpi_pm: mask: 0xffffff max_cycles: 0xffffff, max_idle_ns: 2085701024 ns
[    0.293942] NET: Registered protocol family 2
[    0.294962] IP idents hash table entries: 16384 (order: 5, 131072 bytes)
[    0.296830] TCP established hash table entries: 8192 (order: 4, 65536 bytes)
[    0.298008] TCP bind hash table entries: 8192 (order: 5, 131072 bytes)
[    0.299268] TCP: Hash tables configured (established 8192 bind 8192)
[    0.303480] UDP hash table entries: 512 (order: 2, 16384 bytes)
[    0.304372] UDP-Lite hash table entries: 512 (order: 2, 16384 bytes)
[    0.305532] NET: Registered protocol family 1
[    0.306271] pci 0000:00:00.0: Limiting direct PCI/PCI transfers
[    0.307084] pci 0000:00:01.0: Activating ISA DMA hang workarounds
[    0.307899] pci 0000:00:02.0: Video device with shadowed ROM at [mem 0x000c0000-0x000dffff]
[    0.309177] Unpacking initramfs...
[    0.589092] Freeing initrd memory: 19540K
[    0.589907] clocksource: tsc: mask: 0xffffffffffffffff max_cycles: 0x1128af0325d, max_idle_ns: 440795261011 ns
[    0.591534] platform rtc_cmos: registered platform RTC device (no PNP device found)
[    0.592781] Scanning for low memory corruption every 60 seconds
[    0.594187] Initialise system trusted keyrings
[    0.594974] Key type blacklist registered
[    0.595694] workingset: timestamp_bits=36 max_order=18 bucket_order=0
[    0.597558] zbud: loaded
[    0.598799] squashfs: version 4.0 (2009/01/31) Phillip Lougher
[    0.600104] fuse init (API version 7.26)
[    0.602420] Key type asymmetric registered
[    0.603166] Asymmetric key parser 'x509' registered
[    0.603961] Block layer SCSI generic (bsg) driver version 0.4 loaded (major 246)
[    0.605310] io scheduler noop registered
[    0.605966] io scheduler deadline registered
[    0.606670] io scheduler cfq registered (default)
[    0.607842] ACPI: AC Adapter [AC] (on-line)
[    0.608642] input: Power Button as /devices/LNXSYSTM:00/LNXPWRBN:00/input/input0
[    0.609881] ACPI: Power Button [PWRF]
[    0.610530] input: Sleep Button as /devices/LNXSYSTM:00/LNXSLPBN:00/input/input1
[    0.611743] ACPI: Sleep Button [SLPF]
[    0.613171] ACPI: Battery Slot [BAT0] (battery present)
[    0.614333] Serial: 8250/16550 driver, 32 ports, IRQ sharing enabled
[    0.636766] 00:02: ttyS0 at I/O 0x3f8 (irq = 4, base_baud = 115200) is a 16550A
[    0.639920] Linux agpgart interface v0.103
[    0.642859] loop: module loaded
[    0.643876] scsi host0: ata_piix
[    0.644596] scsi host1: ata_piix
[    0.645168] ata1: PATA max UDMA/33 cmd 0x1f0 ctl 0x3f6 bmdma 0xd000 irq 14
[    0.646232] ata2: PATA max UDMA/33 cmd 0x170 ctl 0x376 bmdma 0xd008 irq 15
[    0.647427] tun: Universal TUN/TAP device driver, 1.6
[    0.648540] PPP generic driver version 2.4.2
[    0.649523] ehci_hcd: USB 2.0 'Enhanced' Host Controller (EHCI) Driver
[    0.650685] ehci-pci: EHCI PCI platform driver
[    0.651613] ehci-platform: EHCI generic platform driver
[    0.652433] ohci_hcd: USB 1.1 'Open' Host Controller (OHCI) Driver
[    0.653365] ohci-pci: OHCI PCI platform driver
[    0.654135] ohci-platform: OHCI generic platform driver
[    0.654941] uhci_hcd: USB Universal Host Controller Interface driver
[    0.655971] i8042: PNP: PS/2 Controller [PNP0303:PS2K,PNP0f03:PS2M] at 0x60,0x64 irq 1,12
[    0.658089] serio: i8042 KBD port at 0x60,0x64 irq 1
[    0.658990] serio: i8042 AUX port at 0x60,0x64 irq 12
[    0.660071] mousedev: PS/2 mouse device common for all mice
[    0.661357] input: AT Translated Set 2 keyboard as /devices/platform/i8042/serio0/input/input2
[    0.662757] rtc_cmos rtc_cmos: rtc core: registered rtc_cmos as rtc0
[    0.663707] rtc_cmos rtc_cmos: alarms up to one day, 114 bytes nvram
[    0.664876] i2c /dev entries driver
[    0.665683] device-mapper: uevent: version 1.0.3
[    0.666760] device-mapper: ioctl: 4.37.0-ioctl (2017-09-20) initialised: dm-devel@redhat.com
[    0.667961] ledtrig-cpu: registered to indicate activity on CPUs
[    0.669626] NET: Registered protocol family 10
[    0.674042] Segment Routing with IPv6
[    0.674673] NET: Registered protocol family 17
[    0.675323] Key type dns_resolver registered
[    0.676133] mce: Using 0 MCE banks
[    0.676746] RAS: Correctable Errors collector initialized.
[    0.677577] sched_clock: Marking stable (676113254, 0)->(827002374, -150889120)
[    0.678912] registered taskstats version 1
[    0.679495] Loading compiled-in X.509 certificates
[    0.683277] Loaded X.509 cert 'Build time autogenerated kernel key: 5b165579d658a5808005e73a2425cc20635793b1'
[    0.685296] Loaded X.509 cert 'Canonical Ltd. Live Patch Signing: 14df34d1a87cf37625abec039ef2bf521249b969'
[    0.687053] Loaded X.509 cert 'Canonical Ltd. Kernel Module Signing: 88f752e560a1e0737e31163a466ad7b70a850c19'
[    0.688400] blacklist: Loading compiled-in revocation X.509 certificates
[    0.689249] Loaded X.509 cert 'Canonical Ltd. Secure Boot Signing: 61482aa2830d0ab2ad5af10b7250da9033ddcef0'
[    0.690578] zswap: loaded using pool lzo/zbud
[    0.693966] Key type big_key registered
[    0.694618] Key type trusted registered
[    0.696430] Key type encrypted registered
[    0.697293] AppArmor: AppArmor sha1 policy hashing enabled
[    0.698413] ima: No TPM chip found, activating TPM-bypass! (rc=-19)
[    0.699919] ima: Allocated hash algorithm: sha1
[    0.701244] evm: HMAC attrs: 0x1
[    0.702177]   Magic number: 10:284:834
[    0.703072] rtc_cmos rtc_cmos: setting system clock to 2022-06-03 12:48:55 UTC (1654260535)
[    0.704359] BIOS EDD facility v0.16 2004-Jun-25, 0 devices found
[    0.705197] EDD information not available.
[    0.829381] Freeing unused kernel image memory: 2468K
[    1.148248] Write protecting the kernel read-only data: 20480k
[    1.152542] Freeing unused kernel image memory: 2008K
[    1.154193] Freeing unused kernel image memory: 1820K
[    1.159537] x86/mm: Checked W+X mappings: passed, no W+X pages found.
[    1.160712] x86/mm: Checking user space page tables
[    1.167610] x86/mm: Checked W+X mappings: passed, no W+X pages found.
Loading, please wait...
starting version 237
[    1.227332] e1000: Intel(R) PRO/1000 Network Driver - version 7.3.21-k8-NAPI
[    1.228636] e1000: Copyright (c) 1999-2006 Intel Corporation.
[    1.231816] Fusion MPT base driver 3.04.20
[    1.232851] Copyright (c) 1999-2008 LSI Corporation
[    1.243776] Fusion MPT SPI Host driver 3.04.20
[    1.259366] AVX2 version of gcm_enc/dec engaged.
[    1.260261] AES CTR mode by8 optimization enabled
[    1.441567] input: ImExPS/2 Generic Explorer Mouse as /devices/platform/i8042/serio1/input/input4
[    1.632142] e1000 0000:00:03.0 eth0: (PCI:33MHz:32-bit) 02:36:1c:f2:a8:92
[    1.634997] e1000 0000:00:03.0 eth0: Intel(R) PRO/1000 Network Connection
[    2.024791] e1000 0000:00:08.0 eth1: (PCI:33MHz:32-bit) 08:00:27:de:f3:b5
[    2.025824] e1000 0000:00:08.0 eth1: Intel(R) PRO/1000 Network Connection
[    2.027908] e1000 0000:00:08.0 enp0s8: renamed from eth1
[    2.028907] mptbase: ioc0: Initiating bringup
[    2.049645] e1000 0000:00:03.0 enp0s3: renamed from eth0
[    2.678490] ioc0: LSI53C1030 A0: Capabilities={Initiator}
[    4.581153] scsi host2: ioc0: LSI53C1030 A0, FwRev=00000000h, Ports=1, MaxQ=256, IRQ=20
[    7.444441] scsi 2:0:0:0: Direct-Access     VBOX     HARDDISK         1.0  PQ: 0 ANSI: 5
[    7.982058] scsi target2:0:0: Beginning Domain Validation
[    7.986927] scsi target2:0:0: Domain Validation skipping write tests
[    7.988400] scsi target2:0:0: Ending Domain Validation
[    7.989234] scsi target2:0:0: asynchronous
[    7.990090] scsi 2:0:1:0: Direct-Access     VBOX     HARDDISK         1.0  PQ: 0 ANSI: 5
[    8.619223] scsi target2:0:1: Beginning Domain Validation
[    8.621270] random: fast init done
[    8.622569] scsi target2:0:1: Domain Validation skipping write tests
[    8.624614] scsi target2:0:1: Ending Domain Validation
[    8.626646] scsi target2:0:1: asynchronous
[    8.629628] random: systemd-udevd: uninitialized urandom read (16 bytes read)
[    8.629703] sd 2:0:0:0: Attached scsi generic sg0 type 0
[    8.630851] random: systemd-udevd: uninitialized urandom read (16 bytes read)
[    8.632279] sd 2:0:1:0: Attached scsi generic sg1 type 0
[    8.634205] random: systemd-udevd: uninitialized urandom read (16 bytes read)
[    8.635451] sd 2:0:0:0: [sda] 83886080 512-byte logical blocks: (42.9 GB/40.0 GiB)
[    8.637604] sd 2:0:0:0: [sda] Write Protect is off
[    8.638407] sd 2:0:1:0: [sdb] 20480 512-byte logical blocks: (10.5 MB/10.0 MiB)
[    8.638426] sd 2:0:0:0: [sda] Incomplete mode parameter data
[    8.640721] sd 2:0:0:0: [sda] Assuming drive cache: write through
[    8.640748] sd 2:0:1:0: [sdb] Write Protect is off
[    8.642133]  sda: sda1
[    8.643246] sd 2:0:1:0: [sdb] Incomplete mode parameter data
[    8.643487] sd 2:0:0:0: [sda] Attached SCSI disk
[    8.644246] sd 2:0:1:0: [sdb] Assuming drive cache: write through
[    8.648816] sd 2:0:1:0: [sdb] Attached SCSI disk
Begin: Loading essential drivers ... [   10.082705] raid6: sse2x1   gen() 15059 MB/s
[   10.128146] raid6: sse2x1   xor()  7805 MB/s
[   10.176056] raid6: sse2x2   gen() 15047 MB/s
[   10.228582] raid6: sse2x2   xor() 10234 MB/s
[   10.281542] raid6: sse2x4   gen() 18559 MB/s
[   10.331431] raid6: sse2x4   xor() 10261 MB/s
[   10.380162] raid6: avx2x1   gen() 22979 MB/s
[   10.428130] raid6: avx2x1   xor() 15096 MB/s
[   10.476148] raid6: avx2x2   gen() 28306 MB/s
[   10.528692] raid6: avx2x2   xor() 21410 MB/s
[   10.583482] raid6: avx2x4   gen() 30919 MB/s
[   10.638121] raid6: avx2x4   xor() 18519 MB/s
[   10.638972] raid6: using algorithm avx2x4 gen() 30919 MB/s
[   10.639924] raid6: .... xor() 18519 MB/s, rmw enabled
[   10.640703] raid6: using avx2x2 recovery algorithm
[   10.642271] xor: automatically using best checksumming function   avx       
[   10.644390] async_tx: api initialized (async)
done.
Begin: Running /scripts/init-premount ... done.
Begin: Mounting root file system ... Begin: Running /scripts/local-top ... done.
Begin: Running /scripts/local-premount ... [   10.689185] Btrfs loaded, crc32c=crc32c-intel
Scanning for Btrfs filesystems
done.
Warning: fsck not present, so skipping root file system
[   10.711720] EXT4-fs (sda1): mounted filesystem with ordered data mode. Opts: (null)
done.
Begin: Running /scripts/local-bottom ... done.
Begin: Running /scripts/init-bottom ... done.
[   10.844719] ip_tables: (C) 2000-2006 Netfilter Core Team
[   10.857503] systemd[1]: systemd 237 running in system mode. (+PAM +AUDIT +SELINUX +IMA +APPARMOR +SMACK +SYSVINIT +UTMP +LIBCRYPTSETUP +GCRYPT +GNUTLS +ACL +XZ +LZ4 +SECCOMP +BLKID +ELFUTILS +KMOD -IDN2 +IDN -PCRE2 default-hierarchy=hybrid)
[   10.860901] systemd[1]: Detected virtualization oracle.
[   10.861665] systemd[1]: Detected architecture x86-64.

Welcome to [1mUbuntu 18.04.6 LTS[0m!

[   10.869190] systemd[1]: Set hostname to <ubuntu>.
[   10.872365] systemd[1]: Initializing machine ID from random generator.
[   10.873344] systemd[1]: Installed transient /etc/machine-id file.
[   11.093845] systemd[1]: Reached target System Time Synchronized.
[[0;32m  OK  [0m] Reached target System Time Synchronized.
[   11.095430] systemd[1]: Reached target User and Group Name Lookups.
[[0;32m  OK  [0m] Reached target User and Group Name Lookups.
[   11.099530] systemd[1]: Created slice System Slice.
[[0;32m  OK  [0m] Created slice System Slice.
[   11.101481] systemd[1]: Listening on udev Kernel Socket.
[[0;32m  OK  [0m] Listening on udev Kernel Socket.
[[0;32m  OK  [0m] Listening on Journal Audit Socket.
[[0;32m  OK  [0m] Listening on fsck to fsckd communication Socket.
[[0;32m  OK  [0m] Listening on /dev/initctl Compatibility Named Pipe.
[[0;32m  OK  [0m] Listening on Journal Socket (/dev/log).
[[0;32m  OK  [0m] Listening on LVM2 poll daemon socket.
[[0;32m  OK  [0m] Started Forward Password Requests to Wall Directory Watch.
[[0;32m  OK  [0m] Listening on LVM2 metadata daemon socket.
[[0;32m  OK  [0m] Reached target Swap.
[[0;32m  OK  [0m] Listening on Device-mapper event daemon FIFOs.
[[0;32m  OK  [0m] Listening on Syslog Socket.
[[0;32m  OK  [0m] Listening on udev Control Socket.
[[0;32m  OK  [0m] Listening on Network Service Netlink Socket.
[[0;32m  OK  [0m] Set up automount Arbitrary Executabâ€¦rmats File System Automount Point.
[[0;32m  OK  [0m] Created slice User and Session Slice.
[[0;32m  OK  [0m] Reached target Slices.
[[0;32m  OK  [0m] Listening on Journal Socket.
         Starting File System Check on Root Device...
         Mounting Kernel Debug File System...
         Mounting POSIX Message Queue File System...
         Starting Create list of required stâ€¦ce nodes for the current kernel...
         Starting Monitoring of LVM2 mirrorsâ€¦ng dmeventd or progress polling...
         Starting Uncomplicated firewall...
         Mounting Huge Pages File System...
         Starting udev Coldplug all Devices...
         Starting Set the console keyboard layout...
         Starting Journal Service...
         Starting Load Kernel Modules...
[[0;32m  OK  [0m] Created slice system-serial\x2dgetty.slice.
[[0;32m  OK  [0m] Mounted Kernel Debug File System.
[[0;32m  OK  [0m] Mounted POSIX Message Queue File System.
[[0;32m  OK  [0m] Started Create list of required staâ€¦vice nodes for the current kernel.
[[0;32m  OK  [0m] Started Uncomplicated firewall.
[[0;32m  OK  [0m] Mounted Huge Pages File System.
[[0;32m  OK  [0m] Started File System Check Daemon to report status.
[[0;32m  OK  [0m] Started LVM2 metadata daemon.
         Starting Create Static Device Nodes in /dev...
[[0;32m  OK  [0m] Started File System Check on Root Device.
         Starting Remount Root and Kernel File Systems...
[[0;32m  OK  [0m] Started udev Coldplug all Devices.
[[0;32m  OK  [0m] Started Journal Service.
[   11.244907] Loading iSCSI transport class v2.0-870.
[   11.251793] iscsi: registered transport (tcp)
[[0;32m  OK  [0m] Started Create Static Device Nodes in /dev.
[   11.299751] EXT4-fs (sda1): re-mounted. Opts: (null)
[[0;32m  OK  [0m] Started Remount Root and Kernel File Systems.
         Starting Load/Save Random Seed...
         Starting udev Kernel Device Manager...
         Starting Flush Journal to Persistent Storage...
[[0;32m  OK  [0m] Started Monitoring of LVM2 mirrors,â€¦sing dmeventd or progress polling.
[[0;32m  OK  [0m] Started Load/Save Random Seed.
[   11.338406] iscsi: registered transport (iser)
[[0;32m  OK  [0m] Started Load Kernel Modules.
         Mounting FUSE Control File System...
         Mounting Kernel Configuration File System...
         Starting Apply Kernel Variables...
[[0;32m  OK  [0m] Mounted FUSE Control File System.
[[0;32m  OK  [0m] Mounted Kernel Configuration File System.
[   11.366040] systemd-journald[404]: Received request to flush runtime journal from PID 1
[[0;32m  OK  [0m] Started udev Kernel Device Manager.
[[0;32m  OK  [0m] Started Set the console keyboard layout.
[[0;32m  OK  [0m] Reached target Local File Systems (Pre).
[[0;32m  OK  [0m] Reached target Local File Systems.
         Starting AppArmor initialization...
         Starting ebtables ruleset management...
         Starting Commit a transient machine-id on disk...
         Starting Tell Plymouth To Write Out Runtime Data...
         Starting Set console font and keymap...
[[0;32m  OK  [0m] Started Dispatch Password Requests to Console Directory Watch.
[[0;32m  OK  [0m] Reached target Local Encrypted Volumes.
[[0;32m  OK  [0m] Started Apply Kernel Variables.
[[0;32m  OK  [0m] Started Flush Journal to Persistent Storage.
         Starting Create Volatile Files and Directories...
[[0;32m  OK  [0m] Started Tell Plymouth To Write Out Runtime Data.
[[0;32m  OK  [0m] Started Set console font and keymap.
[[0;32m  OK  [0m] Started Create Volatile Files and Directories.
         Starting Update UTMP about System Boot/Shutdown...
[[0;32m  OK  [0m] Started Commit a transient machine-id on disk.
[[0;32m  OK  [0m] Started Update UTMP about System Boot/Shutdown.
[[0;32m  OK  [0m] Started ebtables ruleset management.
[[0;32m  OK  [0m] Found device /dev/ttyS0.
[[0;32m  OK  [0m] Listening on Load/Save RF Kill Switch Status /dev/rfkill Watch.
[[0;32m  OK  [0m] Started AppArmor initialization.
         Starting Load AppArmor profiles managed internally by snapd...
         Starting Initial cloud-init job (pre-networking)...
[[0;32m  OK  [0m] Started Load AppArmor profiles managed internally by snapd.
[   13.491594] cloud-init[567]: Cloud-init v. 22.1-14-g2e17a0d6-0ubuntu1~18.04.3 running 'init-local' at Fri, 03 Jun 2022 12:49:07 +0000. Up 13.17 seconds.
[[0;32m  OK  [0m] Started Initial cloud-init job (pre-networking).
[[0;32m  OK  [0m] Reached target Network (Pre).
         Starting Network Service...
[[0;32m  OK  [0m] Started Network Service.
         Starting Network Name Resolution...
         Starting Wait for Network to be Configured...
[[0;32m  OK  [0m] Started Network Name Resolution.
[[0;32m  OK  [0m] Reached target Host and Network Name Lookups.
[[0;32m  OK  [0m] Reached target Network.
[[0;32m  OK  [0m] Started Wait for Network to be Configured.
         Starting Initial cloud-init job (metadata service crawler)...
[   15.406970] cloud-init[680]: Cloud-init v. 22.1-14-g2e17a0d6-0ubuntu1~18.04.3 running 'init' at Fri, 03 Jun 2022 12:49:10 +0000. Up 15.21 seconds.
[   15.408397] cloud-init[680]: ci-info: ++++++++++++++++++++++++++++++++++++++Net device info+++++++++++++++++++++++++++++++++++++++
[   15.410899] cloud-init[680]: ci-info: +--------+-------+----------------------------+---------------+--------+-------------------+
[   15.412095] cloud-init[680]: ci-info: | Device |   Up  |          Address           |      Mask     | Scope  |     Hw-Address    |
[   15.413195] cloud-init[680]: ci-info: +--------+-------+----------------------------+---------------+--------+-------------------+
[   15.414534] cloud-init[680]: ci-info: | enp0s3 |  True |         10.0.2.15          | 255.255.255.0 | global | 02:36:1c:f2:a8:92 |
[   15.416448] cloud-init[680]: ci-info: | enp0s3 |  True | fe80::36:1cff:fef2:a892/64 |       .       |  link  | 02:36:1c:f2:a8:92 |
[   15.420757] cloud-init[680]: ci-info: | enp0s8 | False |             .              |       .       |   .    | 08:00:27:de:f3:b5 |
[   15.421857] cloud-init[680]: ci-info: |   lo   |  True |         127.0.0.1          |   255.0.0.0   |  host  |         .         |
[   15.422982] cloud-init[680]: ci-info: |   lo   |  True |          ::1/128           |       .       |  host  |         .         |
[   15.424059] cloud-init[680]: ci-info: +--------+-------+----------------------------+---------------+--------+-------------------+
[   15.425179] cloud-init[680]: ci-info: ++++++++++++++++++++++++++++Route IPv4 info+++++++++++++++++++++++++++++
[   15.426123] cloud-init[680]: ci-info: +-------+-------------+----------+-----------------+-----------+-------+
[   15.427237] cloud-init[680]: ci-info: | Route | Destination | Gateway  |     Genmask     | Interface | Flags |
[   15.428363] cloud-init[680]: ci-info: +-------+-------------+----------+-----------------+-----------+-------+
[   15.429487] cloud-init[680]: ci-info: |   0   |   0.0.0.0   | 10.0.2.2 |     0.0.0.0     |   enp0s3  |   UG  |
[   15.430736] cloud-init[680]: ci-info: |   1   |   10.0.2.0  | 0.0.0.0  |  255.255.255.0  |   enp0s3  |   U   |
[   15.431848] cloud-init[680]: ci-info: |   2   |   10.0.2.2  | 0.0.0.0  | 255.255.255.255 |   enp0s3  |   UH  |
[   15.433211] cloud-init[680]: ci-info: +-------+-------------+----------+-----------------+-----------+-------+
[   15.434155] cloud-init[680]: ci-info: +++++++++++++++++++Route IPv6 info+++++++++++++++++++
[   15.434972] cloud-init[680]: ci-info: +-------+-------------+---------+-----------+-------+
[   15.435599] cloud-init[680]: ci-info: | Route | Destination | Gateway | Interface | Flags |
[   15.436268] cloud-init[680]: ci-info: +-------+-------------+---------+-----------+-------+
[   15.437100] cloud-init[680]: ci-info: |   1   |  fe80::/64  |    ::   |   enp0s3  |   U   |
[   15.448317] cloud-init[680]: ci-info: |   3   |    local    |    ::   |   enp0s3  |   U   |
[   15.460244] cloud-init[680]: ci-info: |   4   |   ff00::/8  |    ::   |   enp0s3  |   U   |
[   15.461083] cloud-init[680]: ci-info: +-------+-------------+---------+-----------+-------+
[   16.059577] cloud-init[680]: Generating public/private rsa key pair.
[   16.060283] cloud-init[680]: Your identification has been saved in /etc/ssh/ssh_host_rsa_key.
[   16.061011] cloud-init[680]: Your public key has been saved in /etc/ssh/ssh_host_rsa_key.pub.
[   16.061747] cloud-init[680]: The key fingerprint is:
[   16.062260] cloud-init[680]: SHA256:m7Q2czHl6cnkM+2usI8Odc9QSNZvCEHJr6x7HGcKlFU root@ubuntu-bionic
[   16.063079] cloud-init[680]: The key's randomart image is:
[   16.063668] cloud-init[680]: +---[RSA 2048]----+
[   16.064286] cloud-init[680]: |           o==E  |
[   16.064898] cloud-init[680]: |           o=..  |
[   16.065490] cloud-init[680]: |           ooo.o |
[   16.066911] cloud-init[680]: |          oo oo o|
[   16.068224] cloud-init[680]: |        S.+.*. . |
[   16.080251] cloud-init[680]: |       . =.O+*o  |
[   16.080961] cloud-init[680]: |        O o+B=+  |
[   16.081584] cloud-init[680]: |       . =.+++   |
[   16.082280] cloud-init[680]: |         .=+ooo  |
[   16.082865] cloud-init[680]: +----[SHA256]-----+
[   16.083790] cloud-init[680]: Generating public/private dsa key pair.
[   16.084569] cloud-init[680]: Your identification has been saved in /etc/ssh/ssh_host_dsa_key.
[   16.085469] cloud-init[680]: Your public key has been saved in /etc/ssh/ssh_host_dsa_key.pub.
[   16.087038] cloud-init[680]: The key fingerprint is:
[   16.087787] cloud-init[680]: SHA256:jZr0fmZgSV2IX1mLSp6REfElV3RVe0H8jAXtLQZIUb4 root@ubuntu-bionic
[   16.088792] cloud-init[680]: The key's randomart image is:
[   16.103101] cloud-init[680]: +---[DSA 1024]----+
[   16.103767] cloud-init[680]: |         o*BooBBO|
[   16.104319] cloud-init[680]: |        . o=== o*|
[   16.104977] cloud-init[680]: |         o+o+..*+|
[   16.105572] cloud-init[680]: |        .=o+ .+ *|
[   16.106134] cloud-init[680]: |      ..S.= E. . |
[   16.106718] cloud-init[680]: |     . ++        |
[   16.107303] cloud-init[680]: |      o...       |
[   16.107881] cloud-init[680]: |       .  +      |
[   16.108462] cloud-init[680]: |        .+       |
[   16.108958] cloud-init[680]: +----[SHA256]-----+
[   16.109514] cloud-init[680]: Generating public/private ecdsa key pair.
[   16.110277] cloud-init[680]: Your identification has been saved in /etc/ssh/ssh_host_ecdsa_key.
[   16.111080] cloud-init[680]: Your public key has been saved in /etc/ssh/ssh_host_ecdsa_key.pub.
[   16.112051] cloud-init[680]: The key fingerprint is:
[   16.112595] cloud-init[680]: SHA256:0cx83XtRNyI1N0Zk/0vqWuu6mnSh2dElnZfv2aLln5c root@ubuntu-bionic
[   16.113448] cloud-init[680]: The key's randomart image is:
[   16.114041] cloud-init[680]: +---[ECDSA 256]---+
[   16.114546] cloud-init[680]: |           ..+oOo|
[   16.115212] cloud-init[680]: |         =  ..B.O|
[   16.116001] cloud-init[680]: |        . = ...*+|
[   16.130529] cloud-init[680]: |         . .. o *|
[   16.131048] cloud-init[680]: |        S  o . o+|
[   16.131565] cloud-init[680]: |          + o o.=|
[   16.132170] cloud-init[680]: |         + o ooo+|
[   16.132843] cloud-init[680]: |        . o o+.Eo|
[   16.133427] cloud-init[680]: |         o.+*+.oo|
[   16.134223] cloud-init[680]: +----[SHA256]-----+
[   16.135110] cloud-init[680]: Generating public/private ed25519 key pair.
[   16.135668] cloud-init[680]: Your identification has been saved in /etc/ssh/ssh_host_ed25519_key.
[   16.136438] cloud-init[680]: Your public key has been saved in /etc/ssh/ssh_host_ed25519_key.pub.
[   16.137358] cloud-init[680]: The key fingerprint is:
[   16.137848] cloud-init[680]: SHA256:SoD2Xde2PsKYDz94Bpt4xzeKoKqnjwlixIl2L8YAl84 root@ubuntu-bionic
[   16.138824] cloud-init[680]: The key's randomart image is:
[   16.139468] cloud-init[680]: +--[ED25519 256]--+
[   16.140016] cloud-init[680]: |                 |
[   16.140650] cloud-init[680]: |   o       .     |
[   16.141184] cloud-init[680]: |. = .   . . o    |
[   16.141693] cloud-init[680]: |+=.. o . . . .   |
[   16.142195] cloud-init[680]: |.*E.. o S   .    |
[   16.142714] cloud-init[680]: |o + .. ..+ .     |
[   16.143120] cloud-init[680]: |o. + .o.+*o o    |
[   16.143533] cloud-init[680]: |+oo ....==*.o.   |
[   16.143994] cloud-init[680]: |==o..  ..+++ .   |
[   16.144433] cloud-init[680]: +----[SHA256]-----+
[[0;32m  OK  [0m] Started Initial cloud-init job (metadata service crawler).
[[0;32m  OK  [0m] Reached target Network is Online.
         Starting Availability of block devices...
[[0;32m  OK  [0m] Reached target Remote File Systems (Pre).
[[0;32m  OK  [0m] Reached target Remote File Systems.
[[0;32m  OK  [0m] Reached target System Initialization.
[[0;32m  OK  [0m] Listening on cloud-init hotplug hook socket.
         Starting LXD - unix socket.
[[0;32m  OK  [0m] Started Daily apt download activities.
[[0;32m  OK  [0m] Started Discard unused blocks once a week.
         Starting Socket activation for snappy daemon.
[[0;32m  OK  [0m] Listening on D-Bus System Message Bus Socket.
[[0;32m  OK  [0m] Started Daily apt upgrade and clean activities.
[[0;32m  OK  [0m] Listening on ACPID Listen Socket.
[[0;32m  OK  [0m] Started Message of the Day.
[[0;32m  OK  [0m] Started ACPI Events Check.
[[0;32m  OK  [0m] Started Trigger to poll for Ubuntu â€¦(Only enabled on GCP LTS non-pro).
[[0;32m  OK  [0m] Reached target Paths.
[[0;32m  OK  [0m] Listening on Open-iSCSI iscsid Socket.
[[0;32m  OK  [0m] Listening on UUID daemon activation socket.
[[0;32m  OK  [0m] Started Ubuntu Advantage Timer for running repeated jobs.
[[0;32m  OK  [0m] Started Daily Cleanup of Temporary Directories.
[[0;32m  OK  [0m] Reached target Timers.
[[0;32m  OK  [0m] Reached target Cloud-config availability.
[[0;32m  OK  [0m] Started Availability of block devices.
[[0;32m  OK  [0m] Listening on LXD - unix socket.
[[0;32m  OK  [0m] Listening on Socket activation for snappy daemon.
[[0;32m  OK  [0m] Reached target Sockets.
[[0;32m  OK  [0m] Reached target Basic System.
         Starting Login Service...
         Starting Accounts Service...
         Starting LSB: automatic crash report generation...
         Starting Virtualbox guest utils...
[[0;32m  OK  [0m] Started D-Bus System Message Bus.
         Starting System Logging Service...
         Starting Pollinate to seed the pseudo random number generator...
[[0;32m  OK  [0m] Started irqbalance daemon.
         Starting Snap Daemon...
         Starting LSB: Record successful boot for GRUB...
[[0;32m  OK  [0m] Started Regular background program processing daemon.
         Starting Permit User Sessions...
         Starting Dispatcher daemon for systemd-networkd...
[[0;32m  OK  [0m] Started Deferred execution scheduler.
[[0;32m  OK  [0m] Started FUSE filesystem for LXC.
         Starting LXD - container startup/shutdown...
[[0;32m  OK  [0m] Started System Logging Service.
[[0;32m  OK  [0m] Started Permit User Sessions.
[[0;32m  OK  [0m] Started Login Service.
         Starting Authorization Manager...
[[0;32m  OK  [0m] Started Unattended Upgrades Shutdown.
         Starting Terminate Plymouth Boot Screen...
         Starting Hold until boot process finishes up...
[[0;32m  OK  [0m] Started Hold until boot process finishes up.
[[0;32m  OK  [0m] Started Serial Getty on ttyS0.
         Starting Set console scheme...
[[0;32m  OK  [0m] Started Terminate Plymouth Boot Screen.
[[0;32m  OK  [0m] Started Set console scheme.
[[0;32m  OK  [0m] Started LSB: automatic crash report generation.
[[0;32m  OK  [0m] Created slice system-getty.slice.
[[0;32m  OK  [0m] Started Getty on tty1.
[[0;32m  OK  [0m] Reached target Login Prompts.
[[0;32m  OK  [0m] Started LSB: Record successful boot for GRUB.
[[0;32m  OK  [0m] Started Authorization Manager.
[[0;32m  OK  [0m] Started Accounts Service.
[[0;32m  OK  [0m] Started Virtualbox guest utils.
[[0;32m  OK  [0m] Started LXD - container startup/shutdown.
[[0;32m  OK  [0m] Started Dispatcher daemon for systemd-networkd.
[[0;32m  OK  [0m] Started Snap Daemon.
         Starting Wait until snapd is fully seeded...
         Starting Time & Date Service...
[[0;32m  OK  [0m] Started Time & Date Service.
[[0;32m  OK  [0m] Started Pollinate to seed the pseudo random number generator.
         Starting OpenBSD Secure Shell server...
[[0;32m  OK  [0m] Started OpenBSD Secure Shell server.
[[0;32m  OK  [0m] Created slice User Slice of vagrant.
         Starting User Manager for UID 1000...
[[0;32m  OK  [0m] Started Session 1 of user vagrant.
[[0;32m  OK  [0m] Started User Manager for UID 1000.
[[0;32m  OK  [0m] Started Wait until snapd is fully seeded.
[[0;32m  OK  [0m] Reached target Multi-User System.
[[0;32m  OK  [0m] Reached target Graphical Interface.
         Starting Update UTMP about System Runlevel Changes...
         Starting Apply the settings specified in cloud-config...
[[0;32m  OK  [0m] Started Update UTMP about System Runlevel Changes.
[   20.674954] cloud-init[1262]: Cloud-init v. 22.1-14-g2e17a0d6-0ubuntu1~18.04.3 running 'modules:config' at Fri, 03 Jun 2022 12:49:14 +0000. Up 19.51 seconds.
[[0;32m  OK  [0m] Started Apply the settings specified in cloud-config.
         Starting Execute cloud user/final scripts...
ci-info: no authorized SSH keys fingerprints found for user ubuntu.
<14>Jun  3 12:49:16 cloud-init: #############################################################
<14>Jun  3 12:49:16 cloud-init: -----BEGIN SSH HOST KEY FINGERPRINTS-----
<14>Jun  3 12:49:16 cloud-init: 1024 SHA256:jZr0fmZgSV2IX1mLSp6REfElV3RVe0H8jAXtLQZIUb4 root@ubuntu-bionic (DSA)
<14>Jun  3 12:49:16 cloud-init: 256 SHA256:0cx83XtRNyI1N0Zk/0vqWuu6mnSh2dElnZfv2aLln5c root@ubuntu-bionic (ECDSA)
<14>Jun  3 12:49:16 cloud-init: 256 SHA256:SoD2Xde2PsKYDz94Bpt4xzeKoKqnjwlixIl2L8YAl84 root@ubuntu-bionic (ED25519)
<14>Jun  3 12:49:16 cloud-init: 2048 SHA256:m7Q2czHl6cnkM+2usI8Odc9QSNZvCEHJr6x7HGcKlFU root@ubuntu-bionic (RSA)
<14>Jun  3 12:49:16 cloud-init: -----END SSH HOST KEY FINGERPRINTS-----
<14>Jun  3 12:49:16 cloud-init: #############################################################
-----BEGIN SSH HOST KEY KEYS-----
ecdsa-sha2-nistp256 AAAAE2VjZHNhLXNoYTItbmlzdHAyNTYAAAAIbmlzdHAyNTYAAABBBGrQz1u3vk+sC+ERxSud/XYNU8W9du3XsCdRfS8/m47Fz93zeU8jm+dFtZjmE2o/Fs2xSsu1M821HShRuelmOgE= root@ubuntu-bionic
ssh-ed25519 AAAAC3NzaC1lZDI1NTE5AAAAIJa+afJjm1nJKumSrPVLeWlCd1ioCef1TTKKbUA21BQz root@ubuntu-bionic
ssh-rsa AAAAB3NzaC1yc2EAAAADAQABAAABAQDDt8H2CAUZQUFsj4di2Epg/7zy9A3Zkm2Mtv6/yqZycKm9fAFZ7TbneEgipcv62z9O7nUETtW6p5RUdMKWjwiLzG8YEQpqrR7lwLBVXMHP5mAPERPAh+IiV5hpeIVWhK3t2Rrlh2zDASJIjJUFO4VFbZzF9AwQUhsjPbmJ3pjcT0xg4ERvirm8Wfdh64qbL4XIQyA8wk0TvyZsxzTLQHh/RRNTUKNH77Kz5PzY7fe1jsBABzoW6ceTAwSWl1vAo6yW4l9CqDsyLdTIhK9QRjux7m5q1s3JqMYfqz0OSixRTWoskypXT+XivdT4y8H9M78lO3mxAzgQf2ArRq8fyyrl root@ubuntu-bionic
-----END SSH HOST KEY KEYS-----
[   21.750999] cloud-init[1351]: Cloud-init v. 22.1-14-g2e17a0d6-0ubuntu1~18.04.3 running 'modules:final' at Fri, 03 Jun 2022 12:49:16 +0000. Up 21.43 seconds.
[   21.754181] cloud-init[1351]: Cloud-init v. 22.1-14-g2e17a0d6-0ubuntu1~18.04.3 finished at Fri, 03 Jun 2022 12:49:16 +0000. Datasource DataSourceNoCloud [seed=/dev/sdb][dsmode=net].  Up 21.73 seconds

Ubuntu 18.04.6 LTS ubuntu-bionic ttyS0

ubuntu-bionic login: 